I'm sorry, but errors were detected in your script. Please correct the
errors listed below, and try again.


File "game/script.rpy", line 12: Tab characters are not allowed in Ren'Py scripts.

Ren'Py Version: Ren'Py 7.3.5.606
Tue Sep 15 17:15:35 2020
